// Jest Snapshot v1, https://goo.gl/fbAQLP

exports[`should render a loader if values in store are not loaded 1`] = `
<div
  className="ui large active loader"
/>
`;
